MPLINK 5.09, LINKER
Linker Map File - Created Mon Dec 02 13:57:45 2019

                                 Section Info
                  Section       Type    Address   Location Size(Bytes)
                ---------  ---------  ---------  ---------  ---------
                 RES_VECT       code   0x000000    program   0x000002
                   .cinit    romdata   0x000001    program   0x000004
                MAIN_PROG       code   0x000003    program   0x00002c



                              Program Memory Usage 
                               Start         End      
                           ---------   ---------      
                            0x000000    0x000018      
            25 out of 8454 program addresses used, program memory utilization is 0%



                              Symbols - Sorted by Name
                     Name    Address   Location    Storage File                     
                ---------  ---------  ---------  --------- ---------                
                    DELAY   0x00000c    program     static D:\University\Semester6\Embdded\Projects\Ex002.X\main.asm
                    LOOP1   0x000012    program     static D:\University\Semester6\Embdded\Projects\Ex002.X\main.asm
                     MAIN   0x000007    program     static D:\University\Semester6\Embdded\Projects\Ex002.X\main.asm
                    START   0x000003    program     static D:\University\Semester6\Embdded\Projects\Ex002.X\main.asm



                              Symbols - Sorted by Address
                     Name    Address   Location    Storage File                     
                ---------  ---------  ---------  --------- ---------                
                    START   0x000003    program     static D:\University\Semester6\Embdded\Projects\Ex002.X\main.asm
                     MAIN   0x000007    program     static D:\University\Semester6\Embdded\Projects\Ex002.X\main.asm
                    DELAY   0x00000c    program     static D:\University\Semester6\Embdded\Projects\Ex002.X\main.asm
                    LOOP1   0x000012    program     static D:\University\Semester6\Embdded\Projects\Ex002.X\main.asm


